2026-09-28 17:18:16 Initializing autoresearch loop. Evaluating baseline prompt...
2026-09-28 17:18:16 Starting validation run on 45 queries x30 runs...
2026-09-28 17:18:16   [1/45] Processing Query Q01...
2026-09-28 17:21:50     Query Q01 Score: 1.00 (avg of 30 runs)
2026-09-28 17:21:50   [2/45] Processing Query Q02...
2026-09-28 17:23:28     Query Q02 Score: 1.00 (avg of 30 runs)
2026-09-28 17:23:28   [3/45] Processing Query Q03...
2026-09-28 17:25:03     Query Q03 Score: 1.00 (avg of 30 runs)
2026-09-28 17:25:03   [4/45] Processing Query Q04...
2026-09-28 17:26:54     Query Q04 Score: 0.95 (avg of 30 runs)
2026-09-28 17:26:54   [5/45] Processing Query Q05...
2026-09-28 17:28:46     Query Q05 Score: 0.40 (avg of 30 runs)
2026-09-28 17:28:46   [6/45] Processing Query Q06...
2026-09-28 17:31:00     Query Q06 Score: 0.61 (avg of 30 runs)
2026-09-28 17:31:00   [7/45] Processing Query Q07...
2026-09-28 17:32:44     Query Q07 Score: 1.00 (avg of 30 runs)
2026-09-28 17:32:44   [8/45] Processing Query Q08...
2026-09-28 17:34:23     Query Q08 Score: 1.00 (avg of 30 runs)
2026-09-28 17:34:23   [9/45] Processing Query Q09...
2026-09-28 17:37:03     Query Q09 Score: 0.50 (avg of 30 runs)
2026-09-28 17:37:03   [10/45] Processing Query Q10...
2026-09-28 17:38:54     Query Q10 Score: 1.00 (avg of 30 runs)
2026-09-28 17:38:54   [11/45] Processing Query Q11...
2026-09-28 17:41:11     Query Q11 Score: 1.00 (avg of 30 runs)
2026-09-28 17:41:11   [12/45] Processing Query Q12...
2026-09-28 17:42:48     Query Q12 Score: 1.00 (avg of 30 runs)
2026-09-28 17:42:48   [13/45] Processing Query Q13...
2026-09-28 17:44:42     Query Q13 Score: 0.98 (avg of 30 runs)
2026-09-28 17:44:42   [14/45] Processing Query Q14...
2026-09-28 17:46:22     Query Q14 Score: 0.85 (avg of 30 runs)
2026-09-28 17:46:22   [15/45] Processing Query Q15...
2026-09-28 17:48:22     Query Q15 Score: 1.00 (avg of 30 runs)
2026-09-28 17:48:22   [16/45] Processing Query Q16...
2026-09-28 17:50:18     Query Q16 Score: 0.50 (avg of 30 runs)
2026-09-28 17:50:18   [17/45] Processing Query Q17...
2026-09-28 17:52:02     Query Q17 Score: 0.95 (avg of 30 runs)
2026-09-28 17:52:02   [18/45] Processing Query Q18...
2026-09-28 17:53:46     Query Q18 Score: 1.00 (avg of 30 runs)
2026-09-28 17:53:46   [19/45] Processing Query Q19...
2026-09-28 17:55:38     Query Q19 Score: 0.60 (avg of 30 runs)
2026-09-28 17:55:38   [20/45] Processing Query Q20...
2026-09-28 17:57:31     Query Q20 Score: 0.90 (avg of 30 runs)
2026-09-28 17:57:31   [21/45] Processing Query Q21...
2026-09-28 17:59:19     Query Q21 Score: 1.00 (avg of 30 runs)
2026-09-28 17:59:19   [22/45] Processing Query Q22...
2026-09-28 18:01:00     Query Q22 Score: 1.00 (avg of 30 runs)
2026-09-28 18:01:00   [23/45] Processing Query Q23...
2026-09-28 18:03:03     Query Q23 Score: 0.52 (avg of 30 runs)
2026-09-28 18:03:03   [24/45] Processing Query Q24...
2026-09-28 18:04:43     Query Q24 Score: 1.00 (avg of 30 runs)
2026-09-28 18:04:43   [25/45] Processing Query Q25...
2026-09-28 18:06:29     Query Q25 Score: 1.00 (avg of 30 runs)
2026-09-28 18:06:29   [26/45] Processing Query Q26...
2026-09-28 18:08:05     Query Q26 Score: 0.95 (avg of 30 runs)
2026-09-28 18:08:05   [27/45] Processing Query Q27...
2026-09-28 18:09:44     Query Q27 Score: 1.00 (avg of 30 runs)
2026-09-28 18:09:44   [28/45] Processing Query Q28...
2026-09-28 18:11:26     Query Q28 Score: 1.00 (avg of 30 runs)
2026-09-28 18:11:26   [29/45] Processing Query Q29...
2026-09-28 18:13:13     Query Q29 Score: 0.50 (avg of 30 runs)
2026-09-28 18:13:13   [30/45] Processing Query Q30...
2026-09-28 18:15:01     Query Q30 Score: 1.00 (avg of 30 runs)
2026-09-28 18:15:01   [31/45] Processing Query Q31...
2026-09-28 18:16:40     Query Q31 Score: 1.00 (avg of 30 runs)
2026-09-28 18:16:40   [32/45] Processing Query Q32...
2026-09-28 18:18:35     Query Q32 Score: 1.00 (avg of 30 runs)
2026-09-28 18:18:35   [33/45] Processing Query Q33...
2026-09-28 18:20:45     Query Q33 Score: 0.85 (avg of 30 runs)
2026-09-28 18:20:45   [34/45] Processing Query Q34...
2026-09-28 18:22:32     Query Q34 Score: 0.95 (avg of 30 runs)
2026-09-28 18:22:32   [35/45] Processing Query Q35...
2026-09-28 18:24:04     Query Q35 Score: 1.00 (avg of 30 runs)
2026-09-28 18:24:04   [36/45] Processing Query Q36...
2026-09-28 18:25:52     Query Q36 Score: 1.00 (avg of 30 runs)
2026-09-28 18:25:52   [37/45] Processing Query Q37...
2026-09-28 18:27:41     Query Q37 Score: 0.75 (avg of 30 runs)
2026-09-28 18:27:41   [38/45] Processing Query Q38...
2026-09-28 18:29:19     Query Q38 Score: 1.00 (avg of 30 runs)
2026-09-28 18:29:19   [39/45] Processing Query Q39...
2026-09-28 18:31:01     Query Q39 Score: 1.00 (avg of 30 runs)
2026-09-28 18:31:01   [40/45] Processing Query Q40...
2026-09-28 18:32:41     Query Q40 Score: 1.00 (avg of 30 runs)
2026-09-28 18:32:41   [41/45] Processing Query Q41...
2026-09-28 18:34:48     Query Q41 Score: 0.75 (avg of 30 runs)
2026-09-28 18:34:48   [42/45] Processing Query Q42...
2026-09-28 18:36:31     Query Q42 Score: 1.00 (avg of 30 runs)
2026-09-28 18:36:31   [43/45] Processing Query Q43...
2026-09-28 18:38:13     Query Q43 Score: 1.00 (avg of 30 runs)
2026-09-28 18:38:13   [44/45] Processing Query Q48...
2026-09-28 18:40:06     Query Q48 Score: 1.00 (avg of 30 runs)
2026-09-28 18:40:06   [45/45] Processing Query Q49...
2026-09-28 18:43:27     Query Q49 Score: 0.99 (avg of 30 runs)
2026-09-28 18:43:27 Saved validation results to /opt/project/autoresearch/archive/run_20260928_171816/outputs/validation_results_iter1_20260928_184327.csv
2026-09-28 18:43:27 Validation run completed. Overall Mean Score: 0.8998
2026-09-28 18:43:27 Baseline established. Score: 0.8998. Logs written to experiments.json.
2026-09-28 18:43:27 
2026-09-28 18:43:27 Entering optimization loop...
2026-09-28 18:43:27 
2026-09-28 18:43:27 =========================================
2026-09-28 18:43:27 STARTING ITERATION #2
2026-09-28 18:43:27 =========================================
2026-09-28 18:43:27 Current Champion Score: 0.8998
2026-09-28 18:43:27 Failing queries to fix: 18
2026-09-28 18:43:27 Calling Optimizer Agent to refine instructions...
2026-09-28 18:46:17 Starting validation run on 45 queries x30 runs...
2026-09-28 18:46:17   [1/45] Processing Query Q01...
2026-09-28 18:49:20     Query Q01 Score: 1.00 (avg of 30 runs)
2026-09-28 18:49:20   [2/45] Processing Query Q02...
2026-09-28 18:50:57     Query Q02 Score: 0.60 (avg of 30 runs)
2026-09-28 18:50:57   [3/45] Processing Query Q03...
2026-09-28 18:52:35     Query Q03 Score: 1.00 (avg of 30 runs)
2026-09-28 18:52:35   [4/45] Processing Query Q04...
2026-09-28 18:54:19     Query Q04 Score: 1.00 (avg of 30 runs)
2026-09-28 18:54:19   [5/45] Processing Query Q05...
2026-09-28 18:56:09     Query Q05 Score: 0.40 (avg of 30 runs)
2026-09-28 18:56:09   [6/45] Processing Query Q06...
2026-09-28 18:58:02     Query Q06 Score: 1.00 (avg of 30 runs)
2026-09-28 18:58:02   [7/45] Processing Query Q07...
2026-09-28 18:59:46     Query Q07 Score: 1.00 (avg of 30 runs)
2026-09-28 18:59:46   [8/45] Processing Query Q08...
2026-09-28 19:01:23     Query Q08 Score: 1.00 (avg of 30 runs)
2026-09-28 19:01:23   [9/45] Processing Query Q09...
2026-09-28 19:04:32     Query Q09 Score: 0.50 (avg of 30 runs)
2026-09-28 19:04:32   [10/45] Processing Query Q10...
2026-09-28 19:06:28     Query Q10 Score: 1.00 (avg of 30 runs)
2026-09-28 19:06:28   [11/45] Processing Query Q11...
2026-09-28 19:08:38     Query Q11 Score: 0.40 (avg of 30 runs)
2026-09-28 19:08:38   [12/45] Processing Query Q12...
2026-09-28 19:10:14     Query Q12 Score: 1.00 (avg of 30 runs)
2026-09-28 19:10:14   [13/45] Processing Query Q13...
2026-09-28 19:12:12     Query Q13 Score: 0.85 (avg of 30 runs)
2026-09-28 19:12:12   [14/45] Processing Query Q14...
2026-09-28 19:13:55     Query Q14 Score: 0.90 (avg of 30 runs)
2026-09-28 19:13:55   [15/45] Processing Query Q15...
2026-09-28 19:15:55     Query Q15 Score: 1.00 (avg of 30 runs)
2026-09-28 19:15:55   [16/45] Processing Query Q16...
2026-09-28 19:17:48     Query Q16 Score: 0.50 (avg of 30 runs)
2026-09-28 19:17:48   [17/45] Processing Query Q17...
2026-09-28 19:19:34     Query Q17 Score: 1.00 (avg of 30 runs)
2026-09-28 19:19:34   [18/45] Processing Query Q18...
2026-09-28 19:21:16     Query Q18 Score: 1.00 (avg of 30 runs)
2026-09-28 19:21:16   [19/45] Processing Query Q19...
2026-09-28 19:23:08     Query Q19 Score: 0.60 (avg of 30 runs)
2026-09-28 19:23:08   [20/45] Processing Query Q20...
2026-09-28 19:24:56     Query Q20 Score: 0.80 (avg of 30 runs)
2026-09-28 19:24:56   [21/45] Processing Query Q21...
2026-09-28 19:26:40     Query Q21 Score: 1.00 (avg of 30 runs)
2026-09-28 19:26:40   [22/45] Processing Query Q22...
2026-09-28 19:28:19     Query Q22 Score: 1.00 (avg of 30 runs)
2026-09-28 19:28:19   [23/45] Processing Query Q23...
2026-09-28 19:31:49     Query Q23 Score: 0.59 (avg of 30 runs)
2026-09-28 19:31:49   [24/45] Processing Query Q24...
2026-09-28 19:33:28     Query Q24 Score: 1.00 (avg of 30 runs)
2026-09-28 19:33:28   [25/45] Processing Query Q25...
2026-09-28 19:35:17     Query Q25 Score: 1.00 (avg of 30 runs)
2026-09-28 19:35:17   [26/45] Processing Query Q26...
2026-09-28 19:36:58     Query Q26 Score: 0.95 (avg of 30 runs)
2026-09-28 19:36:58   [27/45] Processing Query Q27...
2026-09-28 19:38:34     Query Q27 Score: 1.00 (avg of 30 runs)
2026-09-28 19:38:34   [28/45] Processing Query Q28...
2026-09-28 19:40:15     Query Q28 Score: 1.00 (avg of 30 runs)
2026-09-28 19:40:15   [29/45] Processing Query Q29...
2026-09-28 19:41:58     Query Q29 Score: 0.70 (avg of 30 runs)
2026-09-28 19:41:58   [30/45] Processing Query Q30...
2026-09-28 19:43:48     Query Q30 Score: 1.00 (avg of 30 runs)
2026-09-28 19:43:48   [31/45] Processing Query Q31...
2026-09-28 19:45:24     Query Q31 Score: 0.95 (avg of 30 runs)
2026-09-28 19:45:24   [32/45] Processing Query Q32...
2026-09-28 19:47:15     Query Q32 Score: 1.00 (avg of 30 runs)
2026-09-28 19:47:15   [33/45] Processing Query Q33...
2026-09-28 19:49:12     Query Q33 Score: 0.85 (avg of 30 runs)
2026-09-28 19:49:12   [34/45] Processing Query Q34...
2026-09-28 19:50:59     Query Q34 Score: 0.95 (avg of 30 runs)
2026-09-28 19:50:59   [35/45] Processing Query Q35...
2026-09-28 19:52:31     Query Q35 Score: 1.00 (avg of 30 runs)
2026-09-28 19:52:31   [36/45] Processing Query Q36...
2026-09-28 19:54:18     Query Q36 Score: 0.52 (avg of 30 runs)
2026-09-28 19:54:18   [37/45] Processing Query Q37...
2026-09-28 19:56:02     Query Q37 Score: 1.00 (avg of 30 runs)
2026-09-28 19:56:02   [38/45] Processing Query Q38...
2026-09-28 19:57:46     Query Q38 Score: 0.76 (avg of 30 runs)
2026-09-28 19:57:46   [39/45] Processing Query Q39...
2026-09-28 19:59:25     Query Q39 Score: 1.00 (avg of 30 runs)
2026-09-28 19:59:25   [40/45] Processing Query Q40...
2026-09-28 20:01:05     Query Q40 Score: 1.00 (avg of 30 runs)
2026-09-28 20:01:05   [41/45] Processing Query Q41...
2026-09-28 20:03:05     Query Q41 Score: 0.80 (avg of 30 runs)
2026-09-28 20:03:05   [42/45] Processing Query Q42...
2026-09-28 20:04:48     Query Q42 Score: 1.00 (avg of 30 runs)
2026-09-28 20:04:48   [43/45] Processing Query Q43...
2026-09-28 20:06:29     Query Q43 Score: 1.00 (avg of 30 runs)
2026-09-28 20:06:29   [44/45] Processing Query Q48...
2026-09-28 20:08:23     Query Q48 Score: 1.00 (avg of 30 runs)
2026-09-28 20:08:23   [45/45] Processing Query Q49...
2026-09-28 20:10:36     Query Q49 Score: 0.81 (avg of 30 runs)
2026-09-28 20:10:36 Saved validation results to /opt/project/autoresearch/archive/run_20260928_171816/outputs/validation_results_iter2_20260928_201036.csv
2026-09-28 20:10:36 Validation run completed. Overall Mean Score: 0.8760
2026-09-28 20:10:36 Candidate Score: 0.8760 (Delta: -0.0238)
2026-09-28 20:10:36 >>> FAILURE: Score did not improve. Discarding changes.
2026-09-28 20:10:36 Iteration #2 logged successfully to experiments.json.
2026-09-28 20:10:36 
2026-09-28 20:10:36 =========================================
2026-09-28 20:10:36 STARTING ITERATION #3
2026-09-28 20:10:36 =========================================
2026-09-28 20:10:36 Current Champion Score: 0.8998
2026-09-28 20:10:36 Failing queries to fix: 18
2026-09-28 20:10:36 Calling Optimizer Agent to refine instructions...
2026-09-28 20:13:27 Starting validation run on 45 queries x30 runs...
2026-09-28 20:13:27   [1/45] Processing Query Q01...
2026-09-28 20:16:27     Query Q01 Score: 1.00 (avg of 30 runs)
2026-09-28 20:16:27   [2/45] Processing Query Q02...
2026-09-28 20:18:03     Query Q02 Score: 0.95 (avg of 30 runs)
2026-09-28 20:18:03   [3/45] Processing Query Q03...
2026-09-28 20:19:35     Query Q03 Score: 1.00 (avg of 30 runs)
2026-09-28 20:19:35   [4/45] Processing Query Q04...
2026-09-28 20:21:22     Query Q04 Score: 1.00 (avg of 30 runs)
2026-09-28 20:21:22   [5/45] Processing Query Q05...
2026-09-28 20:23:23     Query Q05 Score: 0.40 (avg of 30 runs)
2026-09-28 20:23:23   [6/45] Processing Query Q06...
2026-09-28 20:25:13     Query Q06 Score: 1.00 (avg of 30 runs)
2026-09-28 20:25:13   [7/45] Processing Query Q07...
2026-09-28 20:26:57     Query Q07 Score: 1.00 (avg of 30 runs)
2026-09-28 20:26:57   [8/45] Processing Query Q08...
2026-09-28 20:28:36     Query Q08 Score: 1.00 (avg of 30 runs)
2026-09-28 20:28:36   [9/45] Processing Query Q09...
2026-09-28 20:32:12     Query Q09 Score: 0.40 (avg of 30 runs)
2026-09-28 20:32:12   [10/45] Processing Query Q10...
2026-09-28 20:33:59     Query Q10 Score: 1.00 (avg of 30 runs)
2026-09-28 20:33:59   [11/45] Processing Query Q11...
2026-09-28 20:36:11     Query Q11 Score: 0.40 (avg of 30 runs)
2026-09-28 20:36:11   [12/45] Processing Query Q12...
2026-09-28 20:37:45     Query Q12 Score: 1.00 (avg of 30 runs)
2026-09-28 20:37:45   [13/45] Processing Query Q13...
2026-09-28 20:39:34     Query Q13 Score: 1.00 (avg of 30 runs)
2026-09-28 20:39:34   [14/45] Processing Query Q14...
2026-09-28 20:41:11     Query Q14 Score: 0.85 (avg of 30 runs)
2026-09-28 20:41:11   [15/45] Processing Query Q15...
2026-09-28 20:43:11     Query Q15 Score: 1.00 (avg of 30 runs)
2026-09-28 20:43:11   [16/45] Processing Query Q16...
2026-09-28 20:45:12     Query Q16 Score: 0.60 (avg of 30 runs)
2026-09-28 20:45:12   [17/45] Processing Query Q17...
2026-09-28 20:46:53     Query Q17 Score: 1.00 (avg of 30 runs)
2026-09-28 20:46:53   [18/45] Processing Query Q18...
2026-09-28 20:48:31     Query Q18 Score: 1.00 (avg of 30 runs)
2026-09-28 20:48:31   [19/45] Processing Query Q19...
2026-09-28 20:50:21     Query Q19 Score: 0.59 (avg of 30 runs)
2026-09-28 20:50:21   [20/45] Processing Query Q20...
2026-09-28 20:52:07     Query Q20 Score: 0.90 (avg of 30 runs)
2026-09-28 20:52:07   [21/45] Processing Query Q21...
2026-09-28 20:53:52     Query Q21 Score: 1.00 (avg of 30 runs)
2026-09-28 20:53:52   [22/45] Processing Query Q22...
2026-09-28 20:55:31     Query Q22 Score: 1.00 (avg of 30 runs)
2026-09-28 20:55:31   [23/45] Processing Query Q23...
2026-09-28 21:01:34     Query Q23 Score: 0.52 (avg of 30 runs)
2026-09-28 21:01:34   [24/45] Processing Query Q24...
2026-09-28 21:03:16     Query Q24 Score: 1.00 (avg of 30 runs)
2026-09-28 21:03:16   [25/45] Processing Query Q25...
2026-09-28 21:05:02     Query Q25 Score: 1.00 (avg of 30 runs)
2026-09-28 21:05:02   [26/45] Processing Query Q26...
2026-09-28 21:06:41     Query Q26 Score: 0.95 (avg of 30 runs)
2026-09-28 21:06:41   [27/45] Processing Query Q27...
2026-09-28 21:08:20     Query Q27 Score: 1.00 (avg of 30 runs)
2026-09-28 21:08:20   [28/45] Processing Query Q28...
2026-09-28 21:09:57     Query Q28 Score: 1.00 (avg of 30 runs)
2026-09-28 21:09:57   [29/45] Processing Query Q29...
2026-09-28 21:11:43     Query Q29 Score: 0.51 (avg of 30 runs)
2026-09-28 21:11:43   [30/45] Processing Query Q30...
2026-09-28 21:13:31     Query Q30 Score: 1.00 (avg of 30 runs)
2026-09-28 21:13:31   [31/45] Processing Query Q31...
2026-09-28 21:15:11     Query Q31 Score: 1.00 (avg of 30 runs)
2026-09-28 21:15:11   [32/45] Processing Query Q32...
2026-09-28 21:17:05     Query Q32 Score: 1.00 (avg of 30 runs)
2026-09-28 21:17:05   [33/45] Processing Query Q33...
2026-09-28 21:19:10     Query Q33 Score: 0.85 (avg of 30 runs)
2026-09-28 21:19:10   [34/45] Processing Query Q34...
2026-09-28 21:20:58     Query Q34 Score: 1.00 (avg of 30 runs)
2026-09-28 21:20:58   [35/45] Processing Query Q35...
2026-09-28 21:22:31     Query Q35 Score: 1.00 (avg of 30 runs)
2026-09-28 21:22:31   [36/45] Processing Query Q36...
2026-09-28 21:24:20     Query Q36 Score: 1.00 (avg of 30 runs)
2026-09-28 21:24:20   [37/45] Processing Query Q37...
2026-09-28 21:26:04     Query Q37 Score: 1.00 (avg of 30 runs)
2026-09-28 21:26:04   [38/45] Processing Query Q38...
2026-09-28 21:27:52     Query Q38 Score: 0.74 (avg of 30 runs)
2026-09-28 21:27:52   [39/45] Processing Query Q39...
2026-09-28 21:29:34     Query Q39 Score: 1.00 (avg of 30 runs)
2026-09-28 21:29:34   [40/45] Processing Query Q40...
2026-09-28 21:31:12     Query Q40 Score: 1.00 (avg of 30 runs)
2026-09-28 21:31:12   [41/45] Processing Query Q41...
2026-09-28 21:33:11     Query Q41 Score: 0.90 (avg of 30 runs)
2026-09-28 21:33:11   [42/45] Processing Query Q42...
2026-09-28 21:34:55     Query Q42 Score: 1.00 (avg of 30 runs)
2026-09-28 21:34:55   [43/45] Processing Query Q43...
2026-09-28 21:36:39     Query Q43 Score: 1.00 (avg of 30 runs)
2026-09-28 21:36:39   [44/45] Processing Query Q48...
2026-09-28 21:38:33     Query Q48 Score: 1.00 (avg of 30 runs)
2026-09-28 21:38:33   [45/45] Processing Query Q49...
2026-09-28 21:41:24     Query Q49 Score: 1.00 (avg of 30 runs)
2026-09-28 21:41:24 Saved validation results to /opt/project/autoresearch/archive/run_20260928_171816/outputs/validation_results_iter3_20260928_214124.csv
2026-09-28 21:41:24 Validation run completed. Overall Mean Score: 0.9015
2026-09-28 21:41:24 Candidate Score: 0.9015 (Delta: +0.0017)
2026-09-28 21:41:24 >>> SUCCESS: Score improved! Saving new champion prompt.
2026-09-28 21:41:24 Iteration #3 logged successfully to experiments.json.
2026-09-28 21:41:24 
2026-09-28 21:41:24 =========================================
2026-09-28 21:41:24 STARTING ITERATION #4
2026-09-28 21:41:24 =========================================
2026-09-28 21:41:24 Current Champion Score: 0.9015
2026-09-28 21:41:24 Failing queries to fix: 15
2026-09-28 21:41:24 Calling Optimizer Agent to refine instructions...
2026-09-28 21:44:13 Starting validation run on 45 queries x30 runs...
2026-09-28 21:44:13   [1/45] Processing Query Q01...
2026-09-28 21:47:12     Query Q01 Score: 1.00 (avg of 30 runs)
2026-09-28 21:47:12   [2/45] Processing Query Q02...
2026-09-28 21:48:53     Query Q02 Score: 0.50 (avg of 30 runs)
2026-09-28 21:48:53   [3/45] Processing Query Q03...
2026-09-28 21:50:30     Query Q03 Score: 1.00 (avg of 30 runs)
2026-09-28 21:50:30   [4/45] Processing Query Q04...
2026-09-28 21:52:23     Query Q04 Score: 1.00 (avg of 30 runs)
2026-09-28 21:52:23   [5/45] Processing Query Q05...
2026-09-28 21:54:17     Query Q05 Score: 0.40 (avg of 30 runs)
2026-09-28 21:54:17   [6/45] Processing Query Q06...
2026-09-28 21:57:19     Query Q06 Score: 1.00 (avg of 30 runs)
2026-09-28 21:57:19   [7/45] Processing Query Q07...
2026-09-28 21:59:03     Query Q07 Score: 1.00 (avg of 30 runs)
2026-09-28 21:59:03   [8/45] Processing Query Q08...
2026-09-28 22:00:37     Query Q08 Score: 1.00 (avg of 30 runs)
2026-09-28 22:00:37   [9/45] Processing Query Q09...
2026-09-28 22:06:39     Query Q09 Score: 0.50 (avg of 30 runs)
2026-09-28 22:06:39   [10/45] Processing Query Q10...
2026-09-28 22:08:29     Query Q10 Score: 1.00 (avg of 30 runs)
2026-09-28 22:08:29   [11/45] Processing Query Q11...
2026-09-28 22:10:28     Query Q11 Score: 0.49 (avg of 30 runs)
2026-09-28 22:10:28   [12/45] Processing Query Q12...
2026-09-28 22:12:03     Query Q12 Score: 1.00 (avg of 30 runs)
2026-09-28 22:12:03   [13/45] Processing Query Q13...
2026-09-28 22:13:47     Query Q13 Score: 1.00 (avg of 30 runs)
2026-09-28 22:13:47   [14/45] Processing Query Q14...
2026-09-28 22:15:24     Query Q14 Score: 0.90 (avg of 30 runs)
2026-09-28 22:15:24   [15/45] Processing Query Q15...
2026-09-28 22:17:20     Query Q15 Score: 1.00 (avg of 30 runs)
2026-09-28 22:17:20   [16/45] Processing Query Q16...
2026-09-28 22:19:17     Query Q16 Score: 0.99 (avg of 30 runs)
2026-09-28 22:19:17   [17/45] Processing Query Q17...
2026-09-28 22:21:02     Query Q17 Score: 0.95 (avg of 30 runs)
2026-09-28 22:21:02   [18/45] Processing Query Q18...
2026-09-28 22:22:45     Query Q18 Score: 1.00 (avg of 30 runs)
2026-09-28 22:22:45   [19/45] Processing Query Q19...
2026-09-28 22:24:35     Query Q19 Score: 0.75 (avg of 30 runs)
2026-09-28 22:24:35   [20/45] Processing Query Q20...
2026-09-28 22:26:27     Query Q20 Score: 1.00 (avg of 30 runs)
2026-09-28 22:26:27   [21/45] Processing Query Q21...
2026-09-28 22:28:08     Query Q21 Score: 1.00 (avg of 30 runs)
2026-09-28 22:28:08   [22/45] Processing Query Q22...
2026-09-28 22:29:49     Query Q22 Score: 1.00 (avg of 30 runs)
2026-09-28 22:29:49   [23/45] Processing Query Q23...
2026-09-28 22:33:08     Query Q23 Score: 0.52 (avg of 30 runs)
2026-09-28 22:33:08   [24/45] Processing Query Q24...
2026-09-28 22:34:44     Query Q24 Score: 1.00 (avg of 30 runs)
2026-09-28 22:34:44   [25/45] Processing Query Q25...
2026-09-28 22:36:30     Query Q25 Score: 0.95 (avg of 30 runs)
2026-09-28 22:36:30   [26/45] Processing Query Q26...
2026-09-28 22:38:05     Query Q26 Score: 0.95 (avg of 30 runs)
2026-09-28 22:38:05   [27/45] Processing Query Q27...
2026-09-28 22:39:43     Query Q27 Score: 1.00 (avg of 30 runs)
2026-09-28 22:39:43   [28/45] Processing Query Q28...
2026-09-28 22:41:19     Query Q28 Score: 1.00 (avg of 30 runs)
2026-09-28 22:41:19   [29/45] Processing Query Q29...
2026-09-28 22:43:11     Query Q29 Score: 0.95 (avg of 30 runs)
2026-09-28 22:43:11   [30/45] Processing Query Q30...
2026-09-28 22:44:56     Query Q30 Score: 1.00 (avg of 30 runs)
2026-09-28 22:44:56   [31/45] Processing Query Q31...
2026-09-28 22:46:29     Query Q31 Score: 1.00 (avg of 30 runs)
2026-09-28 22:46:29   [32/45] Processing Query Q32...
2026-09-28 22:48:21     Query Q32 Score: 1.00 (avg of 30 runs)
2026-09-28 22:48:21   [33/45] Processing Query Q33...
2026-09-28 22:51:01     Query Q33 Score: 1.00 (avg of 30 runs)
2026-09-28 22:51:01   [34/45] Processing Query Q34...
2026-09-28 22:52:52     Query Q34 Score: 1.00 (avg of 30 runs)
2026-09-28 22:52:52   [35/45] Processing Query Q35...
2026-09-28 22:54:23     Query Q35 Score: 1.00 (avg of 30 runs)
2026-09-28 22:54:23   [36/45] Processing Query Q36...
2026-09-28 22:56:25     Query Q36 Score: 0.50 (avg of 30 runs)
2026-09-28 22:56:25   [37/45] Processing Query Q37...
2026-09-28 22:58:26     Query Q37 Score: 1.00 (avg of 30 runs)
2026-09-28 22:58:26   [38/45] Processing Query Q38...
2026-09-28 23:00:00     Query Q38 Score: 1.00 (avg of 30 runs)
2026-09-28 23:00:00   [39/45] Processing Query Q39...
2026-09-28 23:01:55     Query Q39 Score: 0.95 (avg of 30 runs)
2026-09-28 23:01:55   [40/45] Processing Query Q40...
2026-09-28 23:03:35     Query Q40 Score: 1.00 (avg of 30 runs)
2026-09-28 23:03:35   [41/45] Processing Query Q41...
2026-09-28 23:05:30     Query Q41 Score: 0.50 (avg of 30 runs)
2026-09-28 23:05:30   [42/45] Processing Query Q42...
2026-09-28 23:07:10     Query Q42 Score: 1.00 (avg of 30 runs)
2026-09-28 23:07:10   [43/45] Processing Query Q43...
2026-09-28 23:08:53     Query Q43 Score: 1.00 (avg of 30 runs)
2026-09-28 23:08:53   [44/45] Processing Query Q48...
2026-09-28 23:10:47     Query Q48 Score: 1.00 (avg of 30 runs)
2026-09-28 23:10:47   [45/45] Processing Query Q49...
2026-09-28 23:15:07     Query Q49 Score: 1.00 (avg of 30 runs)
2026-09-28 23:15:07 Saved validation results to /opt/project/autoresearch/archive/run_20260928_171816/outputs/validation_results_iter4_20260928_231507.csv
2026-09-28 23:15:07 Validation run completed. Overall Mean Score: 0.9067
2026-09-28 23:15:07 Candidate Score: 0.9067 (Delta: +0.0052)
2026-09-28 23:15:07 >>> SUCCESS: Score improved! Saving new champion prompt.
2026-09-28 23:15:07 Iteration #4 logged successfully to experiments.json.
2026-09-28 23:15:07 
2026-09-28 23:15:07 =========================================
2026-09-28 23:15:07 STARTING ITERATION #5
2026-09-28 23:15:07 =========================================
2026-09-28 23:15:07 Current Champion Score: 0.9067
2026-09-28 23:15:07 Failing queries to fix: 17
2026-09-28 23:15:07 Calling Optimizer Agent to refine instructions...
2026-09-28 23:18:13 Starting validation run on 45 queries x30 runs...
2026-09-28 23:18:13   [1/45] Processing Query Q01...
2026-09-28 23:21:26     Query Q01 Score: 1.00 (avg of 30 runs)
2026-09-28 23:21:26   [2/45] Processing Query Q02...
2026-09-28 23:23:15     Query Q02 Score: 0.60 (avg of 30 runs)
2026-09-28 23:23:15   [3/45] Processing Query Q03...
2026-09-28 23:24:54     Query Q03 Score: 1.00 (avg of 30 runs)
2026-09-28 23:24:54   [4/45] Processing Query Q04...
2026-09-28 23:26:41     Query Q04 Score: 1.00 (avg of 30 runs)
2026-09-28 23:26:41   [5/45] Processing Query Q05...
2026-09-28 23:28:39     Query Q05 Score: 0.40 (avg of 30 runs)
2026-09-28 23:28:39   [6/45] Processing Query Q06...
2026-09-28 23:30:34     Query Q06 Score: 0.52 (avg of 30 runs)
2026-09-28 23:30:34   [7/45] Processing Query Q07...
2026-09-28 23:32:18     Query Q07 Score: 1.00 (avg of 30 runs)
2026-09-28 23:32:18   [8/45] Processing Query Q08...
2026-09-28 23:33:57     Query Q08 Score: 1.00 (avg of 30 runs)
2026-09-28 23:33:57   [9/45] Processing Query Q09...
2026-09-28 23:36:39     Query Q09 Score: 0.50 (avg of 30 runs)
2026-09-28 23:36:39   [10/45] Processing Query Q10...
2026-09-28 23:38:39     Query Q10 Score: 1.00 (avg of 30 runs)
2026-09-28 23:38:39   [11/45] Processing Query Q11...
2026-09-28 23:40:54     Query Q11 Score: 0.30 (avg of 30 runs)
2026-09-28 23:40:54   [12/45] Processing Query Q12...
2026-09-28 23:42:32     Query Q12 Score: 1.00 (avg of 30 runs)
2026-09-28 23:42:32   [13/45] Processing Query Q13...
2026-09-28 23:44:27     Query Q13 Score: 0.96 (avg of 30 runs)
2026-09-28 23:44:27   [14/45] Processing Query Q14...
2026-09-28 23:46:14     Query Q14 Score: 0.85 (avg of 30 runs)
2026-09-28 23:46:14   [15/45] Processing Query Q15...
2026-09-28 23:48:21     Query Q15 Score: 0.95 (avg of 30 runs)
2026-09-28 23:48:21   [16/45] Processing Query Q16...
2026-09-28 23:50:22     Query Q16 Score: 0.81 (avg of 30 runs)
2026-09-28 23:50:22   [17/45] Processing Query Q17...
2026-09-28 23:52:16     Query Q17 Score: 1.00 (avg of 30 runs)
2026-09-28 23:52:16   [18/45] Processing Query Q18...
2026-09-28 23:54:05     Query Q18 Score: 1.00 (avg of 30 runs)
2026-09-28 23:54:05   [19/45] Processing Query Q19...
2026-09-28 23:56:09     Query Q19 Score: 0.74 (avg of 30 runs)
2026-09-28 23:56:09   [20/45] Processing Query Q20...
2026-09-28 23:58:16     Query Q20 Score: 0.85 (avg of 30 runs)
2026-09-28 23:58:16   [21/45] Processing Query Q21...
2026-09-29 00:00:06     Query Q21 Score: 1.00 (avg of 30 runs)
2026-09-29 00:00:06   [22/45] Processing Query Q22...
2026-09-29 00:01:54     Query Q22 Score: 1.00 (avg of 30 runs)
2026-09-29 00:01:54   [23/45] Processing Query Q23...
2026-09-29 00:08:25     Query Q23 Score: 1.00 (avg of 30 runs)
2026-09-29 00:08:25   [24/45] Processing Query Q24...
2026-09-29 00:10:10     Query Q24 Score: 1.00 (avg of 30 runs)
2026-09-29 00:10:10   [25/45] Processing Query Q25...
2026-09-29 00:12:05     Query Q25 Score: 1.00 (avg of 30 runs)
2026-09-29 00:12:05   [26/45] Processing Query Q26...
2026-09-29 00:13:47     Query Q26 Score: 0.95 (avg of 30 runs)
2026-09-29 00:13:47   [27/45] Processing Query Q27...
2026-09-29 00:15:40     Query Q27 Score: 1.00 (avg of 30 runs)
2026-09-29 00:15:40   [28/45] Processing Query Q28...
2026-09-29 00:17:28     Query Q28 Score: 1.00 (avg of 30 runs)
2026-09-29 00:17:28   [29/45] Processing Query Q29...
2026-09-29 00:19:26     Query Q29 Score: 1.00 (avg of 30 runs)
2026-09-29 00:19:26   [30/45] Processing Query Q30...
2026-09-29 00:21:22     Query Q30 Score: 1.00 (avg of 30 runs)
2026-09-29 00:21:22   [31/45] Processing Query Q31...
2026-09-29 00:23:20     Query Q31 Score: 1.00 (avg of 30 runs)
2026-09-29 00:23:20   [32/45] Processing Query Q32...
2026-09-29 00:25:24     Query Q32 Score: 1.00 (avg of 30 runs)
2026-09-29 00:25:24   [33/45] Processing Query Q33...
2026-09-29 00:27:33     Query Q33 Score: 0.90 (avg of 30 runs)
2026-09-29 00:27:33   [34/45] Processing Query Q34...
2026-09-29 00:29:31     Query Q34 Score: 1.00 (avg of 30 runs)
2026-09-29 00:29:31   [35/45] Processing Query Q35...
2026-09-29 00:31:11     Query Q35 Score: 1.00 (avg of 30 runs)
2026-09-29 00:31:11   [36/45] Processing Query Q36...
2026-09-29 00:33:19     Query Q36 Score: 0.60 (avg of 30 runs)
2026-09-29 00:33:19   [37/45] Processing Query Q37...
2026-09-29 00:35:12     Query Q37 Score: 1.00 (avg of 30 runs)
2026-09-29 00:35:12   [38/45] Processing Query Q38...
2026-09-29 00:37:06     Query Q38 Score: 0.75 (avg of 30 runs)
2026-09-29 00:37:06   [39/45] Processing Query Q39...
2026-09-29 00:39:06     Query Q39 Score: 1.00 (avg of 30 runs)
2026-09-29 00:39:06   [40/45] Processing Query Q40...
2026-09-29 00:41:11     Query Q40 Score: 0.70 (avg of 30 runs)
2026-09-29 00:41:11   [41/45] Processing Query Q41...
2026-09-29 00:43:12     Query Q41 Score: 0.50 (avg of 30 runs)
2026-09-29 00:43:12   [42/45] Processing Query Q42...
2026-09-29 00:45:05     Query Q42 Score: 1.00 (avg of 30 runs)
2026-09-29 00:45:05   [43/45] Processing Query Q43...
2026-09-29 00:47:00     Query Q43 Score: 1.00 (avg of 30 runs)
2026-09-29 00:47:00   [44/45] Processing Query Q48...
2026-09-29 00:49:10     Query Q48 Score: 0.85 (avg of 30 runs)
2026-09-29 00:49:10   [45/45] Processing Query Q49...
2026-09-29 00:53:49     Query Q49 Score: 0.94 (avg of 30 runs)
2026-09-29 00:53:49 Saved validation results to /opt/project/autoresearch/archive/run_20260928_171816/outputs/validation_results_iter5_20260929_005349.csv
2026-09-29 00:53:49 Validation run completed. Overall Mean Score: 0.8816
2026-09-29 00:53:49 Candidate Score: 0.8816 (Delta: -0.0251)
2026-09-29 00:53:49 >>> FAILURE: Score did not improve. Discarding changes.
2026-09-29 00:53:49 Iteration #5 logged successfully to experiments.json.
2026-09-29 00:53:49 
2026-09-29 00:53:49 =========================================
2026-09-29 00:53:49 STARTING ITERATION #6
2026-09-29 00:53:49 =========================================
2026-09-29 00:53:49 Current Champion Score: 0.9067
2026-09-29 00:53:49 Failing queries to fix: 17
2026-09-29 00:53:49 Calling Optimizer Agent to refine instructions...
2026-09-29 00:56:49 Starting validation run on 45 queries x30 runs...
2026-09-29 00:56:49   [1/45] Processing Query Q01...
2026-09-29 00:59:52     Query Q01 Score: 1.00 (avg of 30 runs)
2026-09-29 00:59:52   [2/45] Processing Query Q02...
2026-09-29 01:01:40     Query Q02 Score: 0.60 (avg of 30 runs)
2026-09-29 01:01:40   [3/45] Processing Query Q03...
2026-09-29 01:03:19     Query Q03 Score: 1.00 (avg of 30 runs)
2026-09-29 01:03:19   [4/45] Processing Query Q04...
2026-09-29 01:05:08     Query Q04 Score: 1.00 (avg of 30 runs)
2026-09-29 01:05:08   [5/45] Processing Query Q05...
2026-09-29 01:07:10     Query Q05 Score: 0.75 (avg of 30 runs)
2026-09-29 01:07:10   [6/45] Processing Query Q06...
2026-09-29 01:08:59     Query Q06 Score: 1.00 (avg of 30 runs)
2026-09-29 01:08:59   [7/45] Processing Query Q07...
2026-09-29 01:10:42     Query Q07 Score: 1.00 (avg of 30 runs)
2026-09-29 01:10:42   [8/45] Processing Query Q08...
2026-09-29 01:12:22     Query Q08 Score: 1.00 (avg of 30 runs)
2026-09-29 01:12:22   [9/45] Processing Query Q09...
2026-09-29 01:15:13     Query Q09 Score: 0.42 (avg of 30 runs)
2026-09-29 01:15:13   [10/45] Processing Query Q10...
2026-09-29 01:17:05     Query Q10 Score: 1.00 (avg of 30 runs)
2026-09-29 01:17:05   [11/45] Processing Query Q11...
2026-09-29 01:19:11     Query Q11 Score: 0.30 (avg of 30 runs)
2026-09-29 01:19:11   [12/45] Processing Query Q12...
2026-09-29 01:20:49     Query Q12 Score: 1.00 (avg of 30 runs)
2026-09-29 01:20:49   [13/45] Processing Query Q13...
2026-09-29 01:22:38     Query Q13 Score: 1.00 (avg of 30 runs)
2026-09-29 01:22:38   [14/45] Processing Query Q14...
2026-09-29 01:24:17     Query Q14 Score: 0.85 (avg of 30 runs)
2026-09-29 01:24:17   [15/45] Processing Query Q15...
2026-09-29 01:26:21     Query Q15 Score: 1.00 (avg of 30 runs)
2026-09-29 01:26:21   [16/45] Processing Query Q16...
2026-09-29 01:28:24     Query Q16 Score: 1.00 (avg of 30 runs)
2026-09-29 01:28:24   [17/45] Processing Query Q17...
2026-09-29 01:30:16     Query Q17 Score: 0.95 (avg of 30 runs)
2026-09-29 01:30:16   [18/45] Processing Query Q18...
2026-09-29 01:32:04     Query Q18 Score: 1.00 (avg of 30 runs)
2026-09-29 01:32:04   [19/45] Processing Query Q19...
2026-09-29 01:34:03     Query Q19 Score: 0.50 (avg of 30 runs)
2026-09-29 01:34:03   [20/45] Processing Query Q20...
2026-09-29 01:36:01     Query Q20 Score: 1.00 (avg of 30 runs)
2026-09-29 01:36:01   [21/45] Processing Query Q21...
2026-09-29 01:37:49     Query Q21 Score: 1.00 (avg of 30 runs)
2026-09-29 01:37:49   [22/45] Processing Query Q22...
2026-09-29 01:39:36     Query Q22 Score: 1.00 (avg of 30 runs)
2026-09-29 01:39:36   [23/45] Processing Query Q23...
2026-09-29 01:43:58     Query Q23 Score: 1.00 (avg of 30 runs)
2026-09-29 01:43:58   [24/45] Processing Query Q24...
2026-09-29 01:45:40     Query Q24 Score: 1.00 (avg of 30 runs)
2026-09-29 01:45:40   [25/45] Processing Query Q25...
2026-09-29 01:47:35     Query Q25 Score: 0.95 (avg of 30 runs)
2026-09-29 01:47:35   [26/45] Processing Query Q26...
2026-09-29 01:49:18     Query Q26 Score: 1.00 (avg of 30 runs)
2026-09-29 01:49:18   [27/45] Processing Query Q27...
2026-09-29 01:52:10     Query Q27 Score: 1.00 (avg of 30 runs)
2026-09-29 01:52:10   [28/45] Processing Query Q28...
2026-09-29 01:53:55     Query Q28 Score: 1.00 (avg of 30 runs)
2026-09-29 01:53:55   [29/45] Processing Query Q29...
2026-09-29 01:55:51     Query Q29 Score: 1.00 (avg of 30 runs)
2026-09-29 01:55:51   [30/45] Processing Query Q30...
2026-09-29 01:57:43     Query Q30 Score: 1.00 (avg of 30 runs)
2026-09-29 01:57:43   [31/45] Processing Query Q31...
2026-09-29 01:59:35     Query Q31 Score: 1.00 (avg of 30 runs)
2026-09-29 01:59:35   [32/45] Processing Query Q32...
2026-09-29 02:01:34     Query Q32 Score: 1.00 (avg of 30 runs)
2026-09-29 02:01:34   [33/45] Processing Query Q33...
2026-09-29 02:03:47     Query Q33 Score: 0.85 (avg of 30 runs)
2026-09-29 02:03:47   [34/45] Processing Query Q34...
2026-09-29 02:05:45     Query Q34 Score: 1.00 (avg of 30 runs)
2026-09-29 02:05:45   [35/45] Processing Query Q35...
2026-09-29 02:07:21     Query Q35 Score: 1.00 (avg of 30 runs)
2026-09-29 02:07:21   [36/45] Processing Query Q36...
2026-09-29 02:09:30     Query Q36 Score: 0.50 (avg of 30 runs)
2026-09-29 02:09:30   [37/45] Processing Query Q37...
2026-09-29 02:11:37     Query Q37 Score: 1.00 (avg of 30 runs)
2026-09-29 02:11:37   [38/45] Processing Query Q38...
2026-09-29 02:13:27     Query Q38 Score: 0.75 (avg of 30 runs)
2026-09-29 02:13:27   [39/45] Processing Query Q39...
2026-09-29 02:15:26     Query Q39 Score: 0.95 (avg of 30 runs)
2026-09-29 02:15:26   [40/45] Processing Query Q40...
2026-09-29 02:17:12     Query Q40 Score: 1.00 (avg of 30 runs)
2026-09-29 02:17:12   [41/45] Processing Query Q41...
2026-09-29 02:19:14     Query Q41 Score: 0.88 (avg of 30 runs)
2026-09-29 02:19:14   [42/45] Processing Query Q42...
2026-09-29 02:21:05     Query Q42 Score: 1.00 (avg of 30 runs)
2026-09-29 02:21:05   [43/45] Processing Query Q43...
2026-09-29 02:22:55     Query Q43 Score: 1.00 (avg of 30 runs)
2026-09-29 02:22:55   [44/45] Processing Query Q48...
2026-09-29 02:25:00     Query Q48 Score: 1.00 (avg of 30 runs)
2026-09-29 02:25:00   [45/45] Processing Query Q49...
2026-09-29 02:30:23     Query Q49 Score: 0.94 (avg of 30 runs)
2026-09-29 02:30:23 Saved validation results to /opt/project/autoresearch/archive/run_20260928_171816/outputs/validation_results_iter6_20260929_023023.csv
2026-09-29 02:30:23 Validation run completed. Overall Mean Score: 0.9156
2026-09-29 02:30:23 Candidate Score: 0.9156 (Delta: +0.0089)
2026-09-29 02:30:23 >>> SUCCESS: Score improved! Saving new champion prompt.
2026-09-29 02:30:23 Iteration #6 logged successfully to experiments.json.
2026-09-29 02:30:23 
2026-09-29 02:30:23 =========================================
2026-09-29 02:30:23 STARTING ITERATION #7
2026-09-29 02:30:23 =========================================
2026-09-29 02:30:23 Current Champion Score: 0.9156
2026-09-29 02:30:23 Failing queries to fix: 15
2026-09-29 02:30:23 Calling Optimizer Agent to refine instructions...
2026-09-29 02:33:13 Starting validation run on 45 queries x30 runs...
2026-09-29 02:33:13   [1/45] Processing Query Q01...
2026-09-29 02:36:04     Query Q01 Score: 1.00 (avg of 30 runs)
2026-09-29 02:36:04   [2/45] Processing Query Q02...
2026-09-29 02:37:51     Query Q02 Score: 0.60 (avg of 30 runs)
2026-09-29 02:37:51   [3/45] Processing Query Q03...
2026-09-29 02:39:27     Query Q03 Score: 1.00 (avg of 30 runs)
2026-09-29 02:39:27   [4/45] Processing Query Q04...
2026-09-29 02:41:18     Query Q04 Score: 1.00 (avg of 30 runs)
2026-09-29 02:41:18   [5/45] Processing Query Q05...
2026-09-29 02:43:23     Query Q05 Score: 0.74 (avg of 30 runs)
2026-09-29 02:43:23   [6/45] Processing Query Q06...
2026-09-29 02:45:17     Query Q06 Score: 1.00 (avg of 30 runs)
2026-09-29 02:45:17   [7/45] Processing Query Q07...
2026-09-29 02:47:03     Query Q07 Score: 1.00 (avg of 30 runs)
2026-09-29 02:47:03   [8/45] Processing Query Q08...
2026-09-29 02:48:44     Query Q08 Score: 1.00 (avg of 30 runs)
2026-09-29 02:48:44   [9/45] Processing Query Q09...
2026-09-29 02:52:02     Query Q09 Score: 0.98 (avg of 30 runs)
2026-09-29 02:52:02   [10/45] Processing Query Q10...
2026-09-29 02:53:56     Query Q10 Score: 1.00 (avg of 30 runs)
2026-09-29 02:53:56   [11/45] Processing Query Q11...
2026-09-29 02:56:06     Query Q11 Score: 0.31 (avg of 30 runs)
2026-09-29 02:56:06   [12/45] Processing Query Q12...
2026-09-29 02:57:42     Query Q12 Score: 1.00 (avg of 30 runs)
2026-09-29 02:57:42   [13/45] Processing Query Q13...
2026-09-29 02:59:31     Query Q13 Score: 1.00 (avg of 30 runs)
2026-09-29 02:59:31   [14/45] Processing Query Q14...
2026-09-29 03:01:12     Query Q14 Score: 0.90 (avg of 30 runs)
2026-09-29 03:01:12   [15/45] Processing Query Q15...
2026-09-29 03:03:14     Query Q15 Score: 1.00 (avg of 30 runs)
2026-09-29 03:03:14   [16/45] Processing Query Q16...
2026-09-29 03:06:02     Query Q16 Score: 1.00 (avg of 30 runs)
2026-09-29 03:06:02   [17/45] Processing Query Q17...
2026-09-29 03:07:45     Query Q17 Score: 1.00 (avg of 30 runs)
2026-09-29 03:07:45   [18/45] Processing Query Q18...
2026-09-29 03:09:28     Query Q18 Score: 1.00 (avg of 30 runs)
2026-09-29 03:09:28   [19/45] Processing Query Q19...
2026-09-29 03:11:16     Query Q19 Score: 0.50 (avg of 30 runs)
2026-09-29 03:11:16   [20/45] Processing Query Q20...
2026-09-29 03:13:12     Query Q20 Score: 1.00 (avg of 30 runs)
2026-09-29 03:13:12   [21/45] Processing Query Q21...
2026-09-29 03:14:58     Query Q21 Score: 1.00 (avg of 30 runs)
2026-09-29 03:14:58   [22/45] Processing Query Q22...
2026-09-29 03:16:38     Query Q22 Score: 1.00 (avg of 30 runs)
2026-09-29 03:16:38   [23/45] Processing Query Q23...
2026-09-29 03:20:10     Query Q23 Score: 0.92 (avg of 30 runs)
2026-09-29 03:20:10   [24/45] Processing Query Q24...
2026-09-29 03:21:49     Query Q24 Score: 1.00 (avg of 30 runs)
2026-09-29 03:21:49   [25/45] Processing Query Q25...
2026-09-29 03:23:39     Query Q25 Score: 1.00 (avg of 30 runs)
2026-09-29 03:23:39   [26/45] Processing Query Q26...
2026-09-29 03:25:17     Query Q26 Score: 0.95 (avg of 30 runs)
2026-09-29 03:25:17   [27/45] Processing Query Q27...
2026-09-29 03:27:04     Query Q27 Score: 0.95 (avg of 30 runs)
2026-09-29 03:27:04   [28/45] Processing Query Q28...
2026-09-29 03:28:43     Query Q28 Score: 1.00 (avg of 30 runs)
2026-09-29 03:28:43   [29/45] Processing Query Q29...
2026-09-29 03:30:39     Query Q29 Score: 0.99 (avg of 30 runs)
2026-09-29 03:30:39   [30/45] Processing Query Q30...
2026-09-29 03:32:27     Query Q30 Score: 1.00 (avg of 30 runs)
2026-09-29 03:32:27   [31/45] Processing Query Q31...
2026-09-29 03:34:04     Query Q31 Score: 0.95 (avg of 30 runs)
2026-09-29 03:34:04   [32/45] Processing Query Q32...
2026-09-29 03:36:00     Query Q32 Score: 1.00 (avg of 30 runs)
2026-09-29 03:36:00   [33/45] Processing Query Q33...
2026-09-29 03:39:10     Query Q33 Score: 0.84 (avg of 30 runs)
2026-09-29 03:39:10   [34/45] Processing Query Q34...
2026-09-29 03:41:06     Query Q34 Score: 0.95 (avg of 30 runs)
2026-09-29 03:41:06   [35/45] Processing Query Q35...
2026-09-29 03:42:36     Query Q35 Score: 1.00 (avg of 30 runs)
2026-09-29 03:42:36   [36/45] Processing Query Q36...
2026-09-29 03:44:31     Query Q36 Score: 1.00 (avg of 30 runs)
2026-09-29 03:44:31   [37/45] Processing Query Q37...
2026-09-29 03:46:38     Query Q37 Score: 0.85 (avg of 30 runs)
2026-09-29 03:46:38   [38/45] Processing Query Q38...
2026-09-29 03:48:25     Query Q38 Score: 0.70 (avg of 30 runs)
2026-09-29 03:48:25   [39/45] Processing Query Q39...
2026-09-29 03:50:09     Query Q39 Score: 1.00 (avg of 30 runs)
2026-09-29 03:50:09   [40/45] Processing Query Q40...
2026-09-29 03:51:53     Query Q40 Score: 1.00 (avg of 30 runs)
2026-09-29 03:51:53   [41/45] Processing Query Q41...
2026-09-29 03:53:47     Query Q41 Score: 0.50 (avg of 30 runs)
2026-09-29 03:53:47   [42/45] Processing Query Q42...
2026-09-29 03:55:31     Query Q42 Score: 1.00 (avg of 30 runs)
2026-09-29 03:55:31   [43/45] Processing Query Q43...
2026-09-29 03:57:18     Query Q43 Score: 1.00 (avg of 30 runs)
2026-09-29 03:57:18   [44/45] Processing Query Q48...
2026-09-29 03:59:22     Query Q48 Score: 0.85 (avg of 30 runs)
2026-09-29 03:59:22   [45/45] Processing Query Q49...
2026-09-29 04:04:43     Query Q49 Score: 0.99 (avg of 30 runs)
2026-09-29 04:04:43 Saved validation results to /opt/project/autoresearch/archive/run_20260928_171816/outputs/validation_results_iter7_20260929_040443.csv
2026-09-29 04:04:43 Validation run completed. Overall Mean Score: 0.9216
2026-09-29 04:04:43 Candidate Score: 0.9216 (Delta: +0.0061)
2026-09-29 04:04:43 >>> SUCCESS: Score improved! Saving new champion prompt.
2026-09-29 04:04:43 Iteration #7 logged successfully to experiments.json.
2026-09-29 04:04:43 
2026-09-29 04:04:43 =========================================
2026-09-29 04:04:43 STARTING ITERATION #8
2026-09-29 04:04:43 =========================================
2026-09-29 04:04:43 Current Champion Score: 0.9216
2026-09-29 04:04:43 Failing queries to fix: 19
2026-09-29 04:04:43 Calling Optimizer Agent to refine instructions...
2026-09-29 04:07:34 Starting validation run on 45 queries x30 runs...
2026-09-29 04:07:34   [1/45] Processing Query Q01...
2026-09-29 04:10:30     Query Q01 Score: 1.00 (avg of 30 runs)
2026-09-29 04:10:30   [2/45] Processing Query Q02...
2026-09-29 04:12:09     Query Q02 Score: 0.95 (avg of 30 runs)
2026-09-29 04:12:09   [3/45] Processing Query Q03...
2026-09-29 04:13:47     Query Q03 Score: 1.00 (avg of 30 runs)
2026-09-29 04:13:47   [4/45] Processing Query Q04...
2026-09-29 04:15:40     Query Q04 Score: 1.00 (avg of 30 runs)
2026-09-29 04:15:40   [5/45] Processing Query Q05...
2026-09-29 04:17:45     Query Q05 Score: 0.69 (avg of 30 runs)
2026-09-29 04:17:45   [6/45] Processing Query Q06...
2026-09-29 04:19:41     Query Q06 Score: 0.50 (avg of 30 runs)
2026-09-29 04:19:41   [7/45] Processing Query Q07...
2026-09-29 04:21:25     Query Q07 Score: 1.00 (avg of 30 runs)
2026-09-29 04:21:25   [8/45] Processing Query Q08...
2026-09-29 04:23:05     Query Q08 Score: 1.00 (avg of 30 runs)
2026-09-29 04:23:05   [9/45] Processing Query Q09...
2026-09-29 04:26:23     Query Q09 Score: 0.95 (avg of 30 runs)
2026-09-29 04:26:23   [10/45] Processing Query Q10...
2026-09-29 04:28:17     Query Q10 Score: 1.00 (avg of 30 runs)
2026-09-29 04:28:17   [11/45] Processing Query Q11...
2026-09-29 04:32:57     Query Q11 Score: 0.30 (avg of 30 runs)
2026-09-29 04:32:57   [12/45] Processing Query Q12...
2026-09-29 04:34:33     Query Q12 Score: 1.00 (avg of 30 runs)
2026-09-29 04:34:33   [13/45] Processing Query Q13...
2026-09-29 04:36:29     Query Q13 Score: 0.97 (avg of 30 runs)
2026-09-29 04:36:29   [14/45] Processing Query Q14...
2026-09-29 04:38:12     Query Q14 Score: 0.90 (avg of 30 runs)
2026-09-29 04:38:12   [15/45] Processing Query Q15...
2026-09-29 04:40:21     Query Q15 Score: 1.00 (avg of 30 runs)
2026-09-29 04:40:21   [16/45] Processing Query Q16...
2026-09-29 04:42:26     Query Q16 Score: 1.00 (avg of 30 runs)
2026-09-29 04:42:26   [17/45] Processing Query Q17...
2026-09-29 04:44:18     Query Q17 Score: 0.95 (avg of 30 runs)
2026-09-29 04:44:18   [18/45] Processing Query Q18...
2026-09-29 04:46:05     Query Q18 Score: 1.00 (avg of 30 runs)
2026-09-29 04:46:05   [19/45] Processing Query Q19...
2026-09-29 04:48:06     Query Q19 Score: 0.60 (avg of 30 runs)
2026-09-29 04:48:06   [20/45] Processing Query Q20...
2026-09-29 04:50:18     Query Q20 Score: 0.85 (avg of 30 runs)
2026-09-29 04:50:18   [21/45] Processing Query Q21...
2026-09-29 04:52:11     Query Q21 Score: 1.00 (avg of 30 runs)
2026-09-29 04:52:11   [22/45] Processing Query Q22...
2026-09-29 04:53:57     Query Q22 Score: 1.00 (avg of 30 runs)
2026-09-29 04:53:57   [23/45] Processing Query Q23...
2026-09-29 04:57:58     Query Q23 Score: 0.99 (avg of 30 runs)
2026-09-29 04:57:58   [24/45] Processing Query Q24...
2026-09-29 04:59:44     Query Q24 Score: 1.00 (avg of 30 runs)
2026-09-29 04:59:44   [25/45] Processing Query Q25...
2026-09-29 05:01:34     Query Q25 Score: 1.00 (avg of 30 runs)
2026-09-29 05:01:34   [26/45] Processing Query Q26...
2026-09-29 05:03:13     Query Q26 Score: 0.95 (avg of 30 runs)
2026-09-29 05:03:13   [27/45] Processing Query Q27...
2026-09-29 05:04:58     Query Q27 Score: 1.00 (avg of 30 runs)
2026-09-29 05:04:58   [28/45] Processing Query Q28...
2026-09-29 05:06:41     Query Q28 Score: 1.00 (avg of 30 runs)
2026-09-29 05:06:41   [29/45] Processing Query Q29...
2026-09-29 05:08:43     Query Q29 Score: 0.95 (avg of 30 runs)
2026-09-29 05:08:43   [30/45] Processing Query Q30...
2026-09-29 05:10:33     Query Q30 Score: 1.00 (avg of 30 runs)
2026-09-29 05:10:33   [31/45] Processing Query Q31...
2026-09-29 05:12:13     Query Q31 Score: 0.95 (avg of 30 runs)
2026-09-29 05:12:13   [32/45] Processing Query Q32...
2026-09-29 05:14:11     Query Q32 Score: 1.00 (avg of 30 runs)
2026-09-29 05:14:11   [33/45] Processing Query Q33...
2026-09-29 05:16:14     Query Q33 Score: 1.00 (avg of 30 runs)
2026-09-29 05:16:14   [34/45] Processing Query Q34...
2026-09-29 05:18:09     Query Q34 Score: 1.00 (avg of 30 runs)
2026-09-29 05:18:09   [35/45] Processing Query Q35...
2026-09-29 05:19:47     Query Q35 Score: 1.00 (avg of 30 runs)
2026-09-29 05:19:47   [36/45] Processing Query Q36...
2026-09-29 05:21:46     Query Q36 Score: 1.00 (avg of 30 runs)
2026-09-29 05:21:46   [37/45] Processing Query Q37...
2026-09-29 05:23:38     Query Q37 Score: 1.00 (avg of 30 runs)
2026-09-29 05:23:38   [38/45] Processing Query Q38...
2026-09-29 05:25:21     Query Q38 Score: 1.00 (avg of 30 runs)
2026-09-29 05:25:21   [39/45] Processing Query Q39...
2026-09-29 05:27:18     Query Q39 Score: 0.95 (avg of 30 runs)
2026-09-29 05:27:18   [40/45] Processing Query Q40...
2026-09-29 05:29:05     Query Q40 Score: 1.00 (avg of 30 runs)
2026-09-29 05:29:05   [41/45] Processing Query Q41...
2026-09-29 05:31:15     Query Q41 Score: 0.80 (avg of 30 runs)
2026-09-29 05:31:15   [42/45] Processing Query Q42...
2026-09-29 05:33:03     Query Q42 Score: 1.00 (avg of 30 runs)
2026-09-29 05:33:03   [43/45] Processing Query Q43...
2026-09-29 05:34:50     Query Q43 Score: 1.00 (avg of 30 runs)
2026-09-29 05:34:50   [44/45] Processing Query Q48...
2026-09-29 05:36:55     Query Q48 Score: 0.95 (avg of 30 runs)
2026-09-29 05:36:55   [45/45] Processing Query Q49...
2026-09-29 05:43:08     Query Q49 Score: 1.00 (avg of 30 runs)
2026-09-29 05:43:08 Saved validation results to /opt/project/autoresearch/archive/run_20260928_171816/outputs/validation_results_iter8_20260929_054308.csv
2026-09-29 05:43:08 Validation run completed. Overall Mean Score: 0.9380
2026-09-29 05:43:08 Candidate Score: 0.9380 (Delta: +0.0163)
2026-09-29 05:43:08 >>> SUCCESS: Score improved! Saving new champion prompt.
2026-09-29 05:43:08 Iteration #8 logged successfully to experiments.json.
2026-09-29 05:43:08 
2026-09-29 05:43:08 =========================================
2026-09-29 05:43:08 STARTING ITERATION #9
2026-09-29 05:43:08 =========================================
2026-09-29 05:43:08 Current Champion Score: 0.9380
2026-09-29 05:43:08 Failing queries to fix: 20
2026-09-29 05:43:08 Calling Optimizer Agent to refine instructions...
2026-09-29 05:46:00 Starting validation run on 45 queries x30 runs...
2026-09-29 05:46:00   [1/45] Processing Query Q01...
2026-09-29 05:49:01     Query Q01 Score: 1.00 (avg of 30 runs)
2026-09-29 05:49:01   [2/45] Processing Query Q02...
2026-09-29 05:50:44     Query Q02 Score: 0.84 (avg of 30 runs)
2026-09-29 05:50:44   [3/45] Processing Query Q03...
2026-09-29 05:52:22     Query Q03 Score: 1.00 (avg of 30 runs)
2026-09-29 05:52:22   [4/45] Processing Query Q04...
2026-09-29 05:54:12     Query Q04 Score: 1.00 (avg of 30 runs)
2026-09-29 05:54:12   [5/45] Processing Query Q05...
2026-09-29 05:56:20     Query Q05 Score: 0.40 (avg of 30 runs)
2026-09-29 05:56:20   [6/45] Processing Query Q06...
2026-09-29 05:58:10     Query Q06 Score: 1.00 (avg of 30 runs)
2026-09-29 05:58:10   [7/45] Processing Query Q07...
2026-09-29 05:59:56     Query Q07 Score: 1.00 (avg of 30 runs)
2026-09-29 05:59:56   [8/45] Processing Query Q08...
2026-09-29 06:01:37     Query Q08 Score: 1.00 (avg of 30 runs)
2026-09-29 06:01:37   [9/45] Processing Query Q09...
2026-09-29 06:06:21     Query Q09 Score: 0.40 (avg of 30 runs)
2026-09-29 06:06:21   [10/45] Processing Query Q10...
2026-09-29 06:08:13     Query Q10 Score: 1.00 (avg of 30 runs)
2026-09-29 06:08:13   [11/45] Processing Query Q11...
2026-09-29 06:10:21     Query Q11 Score: 0.30 (avg of 30 runs)
2026-09-29 06:10:21   [12/45] Processing Query Q12...
2026-09-29 06:11:57     Query Q12 Score: 1.00 (avg of 30 runs)
2026-09-29 06:11:57   [13/45] Processing Query Q13...
2026-09-29 06:13:51     Query Q13 Score: 0.35 (avg of 30 runs)
2026-09-29 06:13:51   [14/45] Processing Query Q14...
2026-09-29 06:15:30     Query Q14 Score: 0.85 (avg of 30 runs)
2026-09-29 06:15:30   [15/45] Processing Query Q15...
2026-09-29 06:17:34     Query Q15 Score: 0.95 (avg of 30 runs)
2026-09-29 06:17:34   [16/45] Processing Query Q16...
2026-09-29 06:20:52     Query Q16 Score: 1.00 (avg of 30 runs)
2026-09-29 06:20:52   [17/45] Processing Query Q17...
2026-09-29 06:22:38     Query Q17 Score: 1.00 (avg of 30 runs)
2026-09-29 06:22:38   [18/45] Processing Query Q18...
2026-09-29 06:24:20     Query Q18 Score: 1.00 (avg of 30 runs)
2026-09-29 06:24:20   [19/45] Processing Query Q19...
2026-09-29 06:26:07     Query Q19 Score: 0.60 (avg of 30 runs)
2026-09-29 06:26:07   [20/45] Processing Query Q20...
2026-09-29 06:28:04     Query Q20 Score: 0.99 (avg of 30 runs)
2026-09-29 06:28:04   [21/45] Processing Query Q21...
2026-09-29 06:29:52     Query Q21 Score: 1.00 (avg of 30 runs)
2026-09-29 06:29:52   [22/45] Processing Query Q22...
2026-09-29 06:31:31     Query Q22 Score: 1.00 (avg of 30 runs)
2026-09-29 06:31:31   [23/45] Processing Query Q23...
2026-09-29 06:37:37     Query Q23 Score: 0.99 (avg of 30 runs)
2026-09-29 06:37:37   [24/45] Processing Query Q24...
2026-09-29 06:39:15     Query Q24 Score: 1.00 (avg of 30 runs)
2026-09-29 06:39:15   [25/45] Processing Query Q25...
2026-09-29 06:41:07     Query Q25 Score: 1.00 (avg of 30 runs)
2026-09-29 06:41:07   [26/45] Processing Query Q26...
2026-09-29 06:42:45     Query Q26 Score: 0.95 (avg of 30 runs)
2026-09-29 06:42:45   [27/45] Processing Query Q27...
2026-09-29 06:45:09     Query Q27 Score: 1.00 (avg of 30 runs)
2026-09-29 06:45:09   [28/45] Processing Query Q28...
2026-09-29 06:46:49     Query Q28 Score: 1.00 (avg of 30 runs)
2026-09-29 06:46:49   [29/45] Processing Query Q29...
2026-09-29 06:48:45     Query Q29 Score: 0.95 (avg of 30 runs)
2026-09-29 06:48:45   [30/45] Processing Query Q30...
2026-09-29 06:50:35     Query Q30 Score: 1.00 (avg of 30 runs)
2026-09-29 06:50:35   [31/45] Processing Query Q31...
2026-09-29 06:52:11     Query Q31 Score: 1.00 (avg of 30 runs)
2026-09-29 06:52:11   [32/45] Processing Query Q32...
2026-09-29 06:54:12     Query Q32 Score: 1.00 (avg of 30 runs)
2026-09-29 06:54:12   [33/45] Processing Query Q33...
2026-09-29 06:56:21     Query Q33 Score: 0.90 (avg of 30 runs)
2026-09-29 06:56:21   [34/45] Processing Query Q34...
2026-09-29 06:58:18     Query Q34 Score: 0.95 (avg of 30 runs)
2026-09-29 06:58:18   [35/45] Processing Query Q35...
2026-09-29 06:59:50     Query Q35 Score: 1.00 (avg of 30 runs)
2026-09-29 06:59:50   [36/45] Processing Query Q36...
2026-09-29 07:01:44     Query Q36 Score: 0.99 (avg of 30 runs)
2026-09-29 07:01:44   [37/45] Processing Query Q37...
2026-09-29 07:03:34     Query Q37 Score: 1.00 (avg of 30 runs)
2026-09-29 07:03:34   [38/45] Processing Query Q38...
2026-09-29 07:05:09     Query Q38 Score: 1.00 (avg of 30 runs)
2026-09-29 07:05:09   [39/45] Processing Query Q39...
2026-09-29 07:07:07     Query Q39 Score: 0.95 (avg of 30 runs)
2026-09-29 07:07:07   [40/45] Processing Query Q40...
2026-09-29 07:08:51     Query Q40 Score: 1.00 (avg of 30 runs)
2026-09-29 07:08:51   [41/45] Processing Query Q41...
2026-09-29 07:10:58     Query Q41 Score: 0.70 (avg of 30 runs)
2026-09-29 07:10:58   [42/45] Processing Query Q42...
2026-09-29 07:12:44     Query Q42 Score: 1.00 (avg of 30 runs)
2026-09-29 07:12:44   [43/45] Processing Query Q43...
2026-09-29 07:14:27     Query Q43 Score: 1.00 (avg of 30 runs)
2026-09-29 07:14:27   [44/45] Processing Query Q48...
2026-09-29 07:16:27     Query Q48 Score: 0.95 (avg of 30 runs)
2026-09-29 07:16:27   [45/45] Processing Query Q49...
2026-09-29 07:22:51     Query Q49 Score: 0.52 (avg of 30 runs)
2026-09-29 07:22:51 Saved validation results to /opt/project/autoresearch/archive/run_20260928_171816/outputs/validation_results_iter9_20260929_072251.csv
2026-09-29 07:22:51 Validation run completed. Overall Mean Score: 0.9007
2026-09-29 07:22:51 Candidate Score: 0.9007 (Delta: -0.0373)
2026-09-29 07:22:51 >>> FAILURE: Score did not improve. Discarding changes.
2026-09-29 07:22:51 Iteration #9 logged successfully to experiments.json.
2026-09-29 07:22:51 Graceful stop flagged via '/opt/project/autoresearch/stop.txt' file. Exiting loop cleanly.
2026-09-29 07:22:51 
2026-09-29 07:22:51 Optimization process completed.
2026-09-29 07:22:51 Best prompt found at iteration #8 with Score: 0.9380
